// Jest Snapshot v1, https://goo.gl/fbAQLP

exports[`__interactive 1`] = `
<DocumentFragment>
  <button
    class="button feather normal blue"
    type="button"
  >
    <div
      class="featherIcon normal"
      style="transform: rotate(180deg);"
    >
      <test-file-stub />
    </div>
    <div
      class="main"
    >
      <span>
        下一步
      </span>
    </div>
    <div
      class="featherIcon normal"
      style="transform: rotate(0deg);"
    >
      <test-file-stub />
    </div>
  </button>
</DocumentFragment>
`;

exports[`with samll feather 1`] = `
<DocumentFragment>
  <button
    class="button feather normal blue"
    type="button"
  >
    <div
      class="featherIcon normal"
      style="transform: rotate(180deg);"
    >
      <test-file-stub />
    </div>
    <div
      class="main"
    >
      <span>
        下一步
      </span>
    </div>
    <div
      class="featherIcon normal"
      style="transform: rotate(0deg);"
    >
      <test-file-stub />
    </div>
  </button>
</DocumentFragment>
`;
